[debug] [2025-12-22T12:57:08.696Z] ----------------------------------------------------------------------
[debug] [2025-12-22T12:57:08.699Z] Command:       C:\nvm4w\nodejs\node.exe C:\nvm4w\nodejs\node_modules\firebase-tools\lib\bin\firebase.js emulators:start --only functions
[debug] [2025-12-22T12:57:08.700Z] CLI Version:   14.27.0
[debug] [2025-12-22T12:57:08.700Z] Platform:      win32
[debug] [2025-12-22T12:57:08.700Z] Node Version:  v22.21.1
[debug] [2025-12-22T12:57:08.701Z] Time:          Mon Dec 22 2025 12:57:08 GMT+0000 (Greenwich Mean Time)
[debug] [2025-12-22T12:57:08.701Z] ----------------------------------------------------------------------
[debug] 
[debug] [2025-12-22T12:57:08.704Z] >>> [apiv2][query] GET https://firebase-public.firebaseio.com/cli.json [none]
[error] !!  functions: Failed to start Functions emulator: codebase source must be specified. Must specify either 'source' or 'remoteSource' in a functions config. {"metadata":{"emulator":{"name":"functions"},"message":"Failed to start Functions emulator: codebase source must be specified. Must specify either 'source' or 'remoteSource' in a functions config."}}
[debug] [2025-12-22T12:57:08.779Z] > command requires scopes: ["email","openid","https://www.googleapis.com/auth/cloudplatformprojects.readonly","https://www.googleapis.com/auth/firebase","https://www.googleapis.com/auth/cloud-platform"]
[debug] [2025-12-22T12:57:08.779Z] > authorizing via signed-in user (tdw575757@gmail.com)
[warn] !  Could not find config (firebase.json) so using defaults. 
[info] i  emulators: Starting emulators: functions {"metadata":{"emulator":{"name":"hub"},"message":"Starting emulators: functions"}}
[info] i  emulators: Detected demo project ID "demo-no-project", emulated services will use a demo configuration and attempts to access non-emulated services for this project will fail. {"metadata":{"emulator":{"name":"hub"},"message":"Detected demo project ID \"demo-no-project\", emulated services will use a demo configuration and attempts to access non-emulated services for this project will fail."}}
[debug] [2025-12-22T12:57:08.796Z] [logging] Logging Emulator only supports listening on one address (127.0.0.1). Not listening on ::1
[debug] [2025-12-22T12:57:08.796Z] assigned listening specs for emulators {"user":{"hub":[{"address":"127.0.0.1","family":"IPv4","port":4400},{"address":"::1","family":"IPv6","port":4400}],"ui":[{"address":"127.0.0.1","family":"IPv4","port":4000},{"address":"::1","family":"IPv6","port":4000}],"logging":[{"address":"127.0.0.1","family":"IPv4","port":4500}]},"metadata":{"message":"assigned listening specs for emulators"}}
[debug] [2025-12-22T12:57:08.814Z] Emulator locator file path: C:\Users\aimpe\AppData\Local\Temp\hub-demo-no-project.json
[debug] [2025-12-22T12:57:08.814Z] [hub] writing locator at C:\Users\aimpe\AppData\Local\Temp\hub-demo-no-project.json
[error] !!  functions: Failed to start Functions emulator: codebase source must be specified. Must specify either 'source' or 'remoteSource' in a functions config. {"metadata":{"emulator":{"name":"functions"},"message":"Failed to start Functions emulator: codebase source must be specified. Must specify either 'source' or 'remoteSource' in a functions config."}}
[debug] [2025-12-22T12:57:08.913Z] Could not find VSCode notification endpoint: FetchError: request to http://localhost:40001/vscode/notify failed, reason: . If you are not running the Firebase Data Connect VSCode extension, this is expected and not an issue.
[info] 
┌─────────────────────────────────────────────────────────────┐
│ ✔  All emulators ready! It is now safe to connect your app. │
│ i  View Emulator UI at http://127.0.0.1:4000/               │
└─────────────────────────────────────────────────────────────┘

┌───────────┬──────────────────────────────────┬─────────────────────┐
│ Emulator  │ Host:Port                        │ View in Emulator UI │
├───────────┼──────────────────────────────────┼─────────────────────┤
│ Functions │ Failed to initialize (see above) │                     │
└───────────┴──────────────────────────────────┴─────────────────────┘
  Emulator Hub host: 127.0.0.1 port: 4400
  Other reserved ports: 4500

Issues? Report them at https://github.com/firebase/firebase-tools/issues and attach the *-debug.log files.
 
[debug] [2025-12-22T12:57:09.410Z] <<< [apiv2][status] GET https://firebase-public.firebaseio.com/cli.json 200
[debug] [2025-12-22T12:57:09.411Z] <<< [apiv2][body] GET https://firebase-public.firebaseio.com/cli.json {"cloudBuildErrorAfter":1594252800000,"cloudBuildWarnAfter":1590019200000,"defaultNode10After":1594252800000,"minVersion":"3.0.5","node8DeploysDisabledAfter":1613390400000,"node8RuntimeDisabledAfter":1615809600000,"node8WarnAfter":1600128000000}
[debug] [2025-12-22T19:36:55.255Z] Received signal SIGHUP 1
[info]  
[info] i  emulators: Received SIGHUP for the first time. Starting a clean shutdown. 
[info] i  emulators: Please wait for a clean shutdown or send the SIGHUP signal again to stop right now. 
[info] i  emulators: Shutting down emulators. {"metadata":{"emulator":{"name":"hub"},"message":"Shutting down emulators."}}
[info] i  ui: Stopping Emulator UI {"metadata":{"emulator":{"name":"ui"},"message":"Stopping Emulator UI"}}
[info] i  hub: Stopping emulator hub {"metadata":{"emulator":{"name":"hub"},"message":"Stopping emulator hub"}}
[debug] [2025-12-22T19:36:55.905Z] Emulator locator file path: C:\Users\aimpe\AppData\Local\Temp\hub-demo-no-project.json
